I'm sorry, but errors were detected in your script. Please correct the
errors listed below, and try again.


File "game/script.rpy", line 762: Line is indented, but the preceding window hide statement statement does not expect a block. Please check this line's indentation. You may have forgotten a colon (:).
    show text "THANK YOU FOR PLAYING!" at truecenter with dissolve
    ^

Ren'Py Version: Ren'Py 8.3.7.25031702
Sun Jul 13 21:21:10 2025
